// Jest Snapshot v1, https://goo.gl/fbAQLP

exports[`sholud render Dashboard Page correctly 1`] = `
<div>
  Dashboard page content
</div>
`;
