// Jest Snapshot v1, https://goo.gl/fbAQLP

exports[`should render LoginPage correctly 1`] = `
<div
  className="box-layout"
>
  <div
    className="box-layout__login-box"
  >
    <h1>
      Boiler plater
    </h1>
    <p>
      tag line for app
    </p>
    <button
      className="button-big"
    >
      Login With Google
    </button>
  </div>
</div>
`;
